 PREFIX Whats your name? (foo) » 
\x1b[1A\x1b[34G\x1b[G\x1b[0J PREFIX Whats your name? (foo) » bar
\x1b[?25h\x1b[?25h