 ? Works without --location? (hope so) › \x1b[42G\x1b[G\x1b[0J ? Works without --location? (hope so) › yes
\x1b[?25h\x1b[?25h