 ? enter your secret Â» 
\x1b[1A\x1b[24G\x1b[G\x1b[0J ? enter your secret Â» ***
\x1b[?25h\x1b[?25h