#!/usr/bin/env zsh
# zsh completion support for completions-test v1.0.0

autoload -U is-at-least

# shellcheck disable=SC2154
(( $+functions[__completions_test_complete] )) ||
function __completions_test_complete {
  local name="$1"; shift
  local action="$1"; shift
  integer ret=1
  local -a values
  local expl lines
  _tags "$name"
  while _tags; do
    if _requested "$name"; then
      # shellcheck disable=SC2034
      lines="$(completions-test completions complete "${action}" "${@}")"
      values=("${(ps:\n:)lines}")
      if (( ${#values[@]} )); then
        while _next_label "$name" expl "$action"; do
          compadd -S '' "${expl[@]}" "${values[@]}"
        done
      fi
    fi
  done
}

# shellcheck disable=SC2154
(( $+functions[_completions_test] )) ||
function _completions_test() {
  local state

  function _commands() {
    local -a commands
    # shellcheck disable=SC2034
    commands=(
      'foo:Foo command.'
      'help:Show this help or the help of a sub-command.'
      'completions:Generate shell completions.'
    )
    _describe 'command' commands
  }

  function _command_args() {
    case "${words[1]}" in
      foo) _completions_test_foo ;;
      help) _completions_test_help ;;
      completions) _completions_test_completions ;;
    esac
  }

  _arguments -w -s -S -C \
    '(- *)'{-h,--help}'[Show this help.]' \
    '(- *)'{-V,--version}'[Show the version number for this program.]' \
    '(-h --help -V --version -g --global)'{-g,--global}'[Foo option.]:val:->val-boolean' \
    '(-h --help -V --version -m --main)'{-m,--main}'[Bar option.]:val:->val-boolean' \
    '(-h --help -V --version -c --color)'{-c,--color}'[Color option.]:val:->val-color' \
    '1: :_commands' \
    '*:: :->command_args'

  case "$state" in
    command_args) _command_args ;;
    val-boolean) __completions_test_complete val boolean  ;;
    val-color) __completions_test_complete val color  ;;
  esac
}

# shellcheck disable=SC2154
(( $+functions[_completions_test_foo] )) ||
function _completions_test_foo() {

  function _commands() {
    local -a commands
    # shellcheck disable=SC2034
    commands=(
      'help:Show this help or the help of a sub-command.'
      'bar:Bar command.'
    )
    _describe 'command' commands
  }

  function _command_args() {
    case "${words[1]}" in
      help) _completions_test_foo_help ;;
      bar) _completions_test_foo_bar ;;
    esac
  }

  _arguments -w -s -S -C \
    '(- *)'{-h,--help}'[Show this help.]' \
    '(-h --help -g --global)'{-g,--global}'[Foo option.]:val:->val-boolean' \
    '(-h --help -f --foo)'{-f,--foo}'[Foo option.]' \
    '1: :_commands' \
    '*:: :->command_args'

  case "$state" in
    command_args) _command_args ;;
    val-boolean) __completions_test_complete val boolean foo ;;
  esac
}

# shellcheck disable=SC2154
(( $+functions[_completions_test_foo_help] )) ||
function _completions_test_foo_help() {

  function _commands() {
    __completions_test_complete command command foo help
  }

  _arguments -w -s -S -C \
    '(- *)'{-h,--help}'[Show this help.]' \
    '(-h --help -g --global)'{-g,--global}'[Foo option.]:val:->val-boolean' \
    '1: :_commands'

  case "$state" in
    val-boolean) __completions_test_complete val boolean foo help ;;
  esac
}

# shellcheck disable=SC2154
(( $+functions[_completions_test_foo_bar] )) ||
function _completions_test_foo_bar() {

  function _commands() {
    local -a commands
    # shellcheck disable=SC2034
    commands=(
      'help:Show this help or the help of a sub-command.'
    )
    _describe 'command' commands
  }

  function _command_args() {
    case "${words[1]}" in
      help) _completions_test_foo_bar_help ;;
    esac
  }

  _arguments -w -s -S -C \
    '(- *)'{-h,--help}'[Show this help.]' \
    '(-h --help -g --global)'{-g,--global}'[Foo option.]:val:->val-boolean' \
    '(-h --help -b --bar)'{-b,--bar}'[Bar option.]' \
    '1: :_commands' \
    '*:: :->command_args'

  case "$state" in
    command_args) _command_args ;;
    val-boolean) __completions_test_complete val boolean foo bar ;;
  esac
}

# shellcheck disable=SC2154
(( $+functions[_completions_test_foo_bar_help] )) ||
function _completions_test_foo_bar_help() {

  function _commands() {
    __completions_test_complete command command foo bar help
  }

  _arguments -w -s -S -C \
    '(- *)'{-h,--help}'[Show this help.]' \
    '(-h --help -g --global)'{-g,--global}'[Foo option.]:val:->val-boolean' \
    '1: :_commands'

  case "$state" in
    val-boolean) __completions_test_complete val boolean foo bar help ;;
  esac
}

# shellcheck disable=SC2154
(( $+functions[_completions_test_help] )) ||
function _completions_test_help() {

  function _commands() {
    __completions_test_complete command command help
  }

  _arguments -w -s -S -C \
    '(- *)'{-h,--help}'[Show this help.]' \
    '(-h --help -g --global)'{-g,--global}'[Foo option.]:val:->val-boolean' \
    '1: :_commands'

  case "$state" in
    val-boolean) __completions_test_complete val boolean help ;;
  esac
}

# shellcheck disable=SC2154
(( $+functions[_completions_test_completions] )) ||
function _completions_test_completions() {

  function _commands() {
    local -a commands
    # shellcheck disable=SC2034
    commands=(
      'help:Show this help or the help of a sub-command.'
      'bash:Generate shell completions for bash.'
      'fish:Generate shell completions for fish.'
      'zsh:Generate shell completions for zsh.'
    )
    _describe 'command' commands
  }

  function _command_args() {
    case "${words[1]}" in
      help) _completions_test_completions_help ;;
      bash) _completions_test_completions_bash ;;
      fish) _completions_test_completions_fish ;;
      zsh) _completions_test_completions_zsh ;;
    esac
  }

  _arguments -w -s -S -C \
    '(- *)'{-h,--help}'[Show this help.]' \
    '(-h --help -g --global)'{-g,--global}'[Foo option.]:val:->val-boolean' \
    '1: :_commands' \
    '*:: :->command_args'

  case "$state" in
    command_args) _command_args ;;
    val-boolean) __completions_test_complete val boolean completions ;;
  esac
}

# shellcheck disable=SC2154
(( $+functions[_completions_test_completions_help] )) ||
function _completions_test_completions_help() {

  function _commands() {
    __completions_test_complete command command completions help
  }

  _arguments -w -s -S -C \
    '(- *)'{-h,--help}'[Show this help.]' \
    '(-h --help -g --global)'{-g,--global}'[Foo option.]:val:->val-boolean' \
    '1: :_commands'

  case "$state" in
    val-boolean) __completions_test_complete val boolean completions help ;;
  esac
}

# shellcheck disable=SC2154
(( $+functions[_completions_test_completions_bash] )) ||
function _completions_test_completions_bash() {

  function _commands() {
    local -a commands
    # shellcheck disable=SC2034
    commands=(
      'help:Show this help or the help of a sub-command.'
    )
    _describe 'command' commands
  }

  function _command_args() {
    case "${words[1]}" in
      help) _completions_test_completions_bash_help ;;
    esac
  }

  _arguments -w -s -S -C \
    '(- *)'{-h,--help}'[Show this help.]' \
    '(-h --help -g --global)'{-g,--global}'[Foo option.]:val:->val-boolean' \
    '1: :_commands' \
    '*:: :->command_args'

  case "$state" in
    command_args) _command_args ;;
    val-boolean) __completions_test_complete val boolean completions bash ;;
  esac
}

# shellcheck disable=SC2154
(( $+functions[_completions_test_completions_bash_help] )) ||
function _completions_test_completions_bash_help() {

  function _commands() {
    __completions_test_complete command command completions bash help
  }

  _arguments -w -s -S -C \
    '(- *)'{-h,--help}'[Show this help.]' \
    '(-h --help -g --global)'{-g,--global}'[Foo option.]:val:->val-boolean' \
    '1: :_commands'

  case "$state" in
    val-boolean) __completions_test_complete val boolean completions bash help ;;
  esac
}

# shellcheck disable=SC2154
(( $+functions[_completions_test_completions_fish] )) ||
function _completions_test_completions_fish() {

  function _commands() {
    local -a commands
    # shellcheck disable=SC2034
    commands=(
      'help:Show this help or the help of a sub-command.'
    )
    _describe 'command' commands
  }

  function _command_args() {
    case "${words[1]}" in
      help) _completions_test_completions_fish_help ;;
    esac
  }

  _arguments -w -s -S -C \
    '(- *)'{-h,--help}'[Show this help.]' \
    '(-h --help -g --global)'{-g,--global}'[Foo option.]:val:->val-boolean' \
    '1: :_commands' \
    '*:: :->command_args'

  case "$state" in
    command_args) _command_args ;;
    val-boolean) __completions_test_complete val boolean completions fish ;;
  esac
}

# shellcheck disable=SC2154
(( $+functions[_completions_test_completions_fish_help] )) ||
function _completions_test_completions_fish_help() {

  function _commands() {
    __completions_test_complete command command completions fish help
  }

  _arguments -w -s -S -C \
    '(- *)'{-h,--help}'[Show this help.]' \
    '(-h --help -g --global)'{-g,--global}'[Foo option.]:val:->val-boolean' \
    '1: :_commands'

  case "$state" in
    val-boolean) __completions_test_complete val boolean completions fish help ;;
  esac
}

# shellcheck disable=SC2154
(( $+functions[_completions_test_completions_zsh] )) ||
function _completions_test_completions_zsh() {

  function _commands() {
    local -a commands
    # shellcheck disable=SC2034
    commands=(
      'help:Show this help or the help of a sub-command.'
    )
    _describe 'command' commands
  }

  function _command_args() {
    case "${words[1]}" in
      help) _completions_test_completions_zsh_help ;;
    esac
  }

  _arguments -w -s -S -C \
    '(- *)'{-h,--help}'[Show this help.]' \
    '(-h --help -g --global)'{-g,--global}'[Foo option.]:val:->val-boolean' \
    '1: :_commands' \
    '*:: :->command_args'

  case "$state" in
    command_args) _command_args ;;
    val-boolean) __completions_test_complete val boolean completions zsh ;;
  esac
}

# shellcheck disable=SC2154
(( $+functions[_completions_test_completions_zsh_help] )) ||
function _completions_test_completions_zsh_help() {

  function _commands() {
    __completions_test_complete command command completions zsh help
  }

  _arguments -w -s -S -C \
    '(- *)'{-h,--help}'[Show this help.]' \
    '(-h --help -g --global)'{-g,--global}'[Foo option.]:val:->val-boolean' \
    '1: :_commands'

  case "$state" in
    val-boolean) __completions_test_complete val boolean completions zsh help ;;
  esac
}

# _completions_test "${@}"

compdef _completions_test completions-test
