#!/usr/bin/env fish
# fish completion support for completions-test v1.0.0

function __fish_completions_test_using_command
  set cmds __completions_test __completions_test_foo __completions_test_help __completions_test_foo_bar __completions_test_help __completions_test_help __completions_test_completions __completions_test_help __completions_test_completions_bash __completions_test_help __completions_test_completions_fish __completions_test_help __completions_test_completions_zsh __completions_test_help
  set words (commandline -opc)
  set cmd "_"
  for word in $words
    switch $word
      case '-*'
        continue
      case '*'
        set word (string replace -r -a '\W' '_' $word)
        set cmd_tmp $cmd"_$word"
        if contains $cmd_tmp $cmds
          set cmd $cmd_tmp
        end
    end
  end
  if [ "$cmd" = "$argv[1]" ]
    return 0
  end
  return 1
end

complete -c completions-test -n '__fish_completions_test_using_command __completions_test' -k -f -a '(completions-test completions complete color )'
complete -c completions-test -n '__fish_completions_test_using_command __completions_test' -s h -l help -x -k -f -d 'Show this help.'
complete -c completions-test -n '__fish_completions_test_using_command __completions_test' -s V -l version -x -k -f -d 'Show the version number for this program.'
complete -c completions-test -n '__fish_completions_test_using_command __completions_test' -s g -l global -k -f -r -a '(completions-test completions complete boolean )' -d 'Foo option.'
complete -c completions-test -n '__fish_completions_test_using_command __completions_test' -s m -l main -k -f -r -a '(completions-test completions complete boolean )' -d 'Bar option.'
complete -c completions-test -n '__fish_completions_test_using_command __completions_test' -s c -l color -k -f -r -a '(completions-test completions complete color )' -d 'Color option.'
complete -c completions-test -n '__fish_completions_test_using_command __completions_test' -s C -l colors -k -f -r -a '(completions-test completions complete color )' -d 'Color option.'
complete -c completions-test -n '__fish_completions_test_using_command __completions_test' -k -f -a foo -d 'Foo command.'
complete -c completions-test -n '__fish_completions_test_using_command __completions_test_foo' -s h -l help -x -k -f -d 'Show this help.'
complete -c completions-test -n '__fish_completions_test_using_command __completions_test_foo' -s g -l global -k -f -r -a '(completions-test completions complete boolean foo)' -d 'Foo option.'
complete -c completions-test -n '__fish_completions_test_using_command __completions_test_foo' -s f -l foo -k -f -d 'Foo option.'
complete -c completions-test -n '__fish_completions_test_using_command __completions_test' -k -f -a help -d 'Show this help or the help of a sub-command.'
complete -c completions-test -n '__fish_completions_test_using_command __completions_test_help' -k -f -a '(completions-test completions complete command help)'
complete -c completions-test -n '__fish_completions_test_using_command __completions_test_help' -s h -l help -x -k -f -d 'Show this help.'
complete -c completions-test -n '__fish_completions_test_using_command __completions_test_help' -s g -l global -k -f -r -a '(completions-test completions complete boolean help)' -d 'Foo option.'
complete -c completions-test -n '__fish_completions_test_using_command __completions_test_foo' -k -f -a bar -d 'Bar command.'
complete -c completions-test -n '__fish_completions_test_using_command __completions_test_foo_bar' -s h -l help -x -k -f -d 'Show this help.'
complete -c completions-test -n '__fish_completions_test_using_command __completions_test_foo_bar' -s g -l global -k -f -r -a '(completions-test completions complete boolean foo bar)' -d 'Foo option.'
complete -c completions-test -n '__fish_completions_test_using_command __completions_test_foo_bar' -s b -l bar -k -f -d 'Bar option.'
complete -c completions-test -n '__fish_completions_test_using_command __completions_test' -k -f -a help -d 'Show this help or the help of a sub-command.'
complete -c completions-test -n '__fish_completions_test_using_command __completions_test_help' -k -f -a '(completions-test completions complete command help)'
complete -c completions-test -n '__fish_completions_test_using_command __completions_test_help' -s h -l help -x -k -f -d 'Show this help.'
complete -c completions-test -n '__fish_completions_test_using_command __completions_test_help' -s g -l global -k -f -r -a '(completions-test completions complete boolean help)' -d 'Foo option.'
complete -c completions-test -n '__fish_completions_test_using_command __completions_test' -k -f -a help -d 'Show this help or the help of a sub-command.'
complete -c completions-test -n '__fish_completions_test_using_command __completions_test_help' -k -f -a '(completions-test completions complete command help)'
complete -c completions-test -n '__fish_completions_test_using_command __completions_test_help' -s h -l help -x -k -f -d 'Show this help.'
complete -c completions-test -n '__fish_completions_test_using_command __completions_test_help' -s g -l global -k -f -r -a '(completions-test completions complete boolean help)' -d 'Foo option.'
complete -c completions-test -n '__fish_completions_test_using_command __completions_test' -k -f -a completions -d 'Generate shell completions.'
complete -c completions-test -n '__fish_completions_test_using_command __completions_test_completions' -s h -l help -x -k -f -d 'Show this help.'
complete -c completions-test -n '__fish_completions_test_using_command __completions_test_completions' -s g -l global -k -f -r -a '(completions-test completions complete boolean completions)' -d 'Foo option.'
complete -c completions-test -n '__fish_completions_test_using_command __completions_test' -k -f -a help -d 'Show this help or the help of a sub-command.'
complete -c completions-test -n '__fish_completions_test_using_command __completions_test_help' -k -f -a '(completions-test completions complete command help)'
complete -c completions-test -n '__fish_completions_test_using_command __completions_test_help' -s h -l help -x -k -f -d 'Show this help.'
complete -c completions-test -n '__fish_completions_test_using_command __completions_test_help' -s g -l global -k -f -r -a '(completions-test completions complete boolean help)' -d 'Foo option.'
complete -c completions-test -n '__fish_completions_test_using_command __completions_test_completions' -k -f -a bash -d 'Generate shell completions for bash.'
complete -c completions-test -n '__fish_completions_test_using_command __completions_test_completions_bash' -s h -l help -x -k -f -d 'Show this help.'
complete -c completions-test -n '__fish_completions_test_using_command __completions_test_completions_bash' -s g -l global -k -f -r -a '(completions-test completions complete boolean completions bash)' -d 'Foo option.'
complete -c completions-test -n '__fish_completions_test_using_command __completions_test' -k -f -a help -d 'Show this help or the help of a sub-command.'
complete -c completions-test -n '__fish_completions_test_using_command __completions_test_help' -k -f -a '(completions-test completions complete command help)'
complete -c completions-test -n '__fish_completions_test_using_command __completions_test_help' -s h -l help -x -k -f -d 'Show this help.'
complete -c completions-test -n '__fish_completions_test_using_command __completions_test_help' -s g -l global -k -f -r -a '(completions-test completions complete boolean help)' -d 'Foo option.'
complete -c completions-test -n '__fish_completions_test_using_command __completions_test_completions' -k -f -a fish -d 'Generate shell completions for fish.'
complete -c completions-test -n '__fish_completions_test_using_command __completions_test_completions_fish' -s h -l help -x -k -f -d 'Show this help.'
complete -c completions-test -n '__fish_completions_test_using_command __completions_test_completions_fish' -s g -l global -k -f -r -a '(completions-test completions complete boolean completions fish)' -d 'Foo option.'
complete -c completions-test -n '__fish_completions_test_using_command __completions_test' -k -f -a help -d 'Show this help or the help of a sub-command.'
complete -c completions-test -n '__fish_completions_test_using_command __completions_test_help' -k -f -a '(completions-test completions complete command help)'
complete -c completions-test -n '__fish_completions_test_using_command __completions_test_help' -s h -l help -x -k -f -d 'Show this help.'
complete -c completions-test -n '__fish_completions_test_using_command __completions_test_help' -s g -l global -k -f -r -a '(completions-test completions complete boolean help)' -d 'Foo option.'
complete -c completions-test -n '__fish_completions_test_using_command __completions_test_completions' -k -f -a zsh -d 'Generate shell completions for zsh.'
complete -c completions-test -n '__fish_completions_test_using_command __completions_test_completions_zsh' -s h -l help -x -k -f -d 'Show this help.'
complete -c completions-test -n '__fish_completions_test_using_command __completions_test_completions_zsh' -s g -l global -k -f -r -a '(completions-test completions complete boolean completions zsh)' -d 'Foo option.'
complete -c completions-test -n '__fish_completions_test_using_command __completions_test' -k -f -a help -d 'Show this help or the help of a sub-command.'
complete -c completions-test -n '__fish_completions_test_using_command __completions_test_help' -k -f -a '(completions-test completions complete command help)'
complete -c completions-test -n '__fish_completions_test_using_command __completions_test_help' -s h -l help -x -k -f -d 'Show this help.'
complete -c completions-test -n '__fish_completions_test_using_command __completions_test_help' -s g -l global -k -f -r -a '(completions-test completions complete boolean help)' -d 'Foo option.'
