
  \x1b[1mUsage:\x1b[22m   \x1b[35mcompletions-test\x1b[39m
  \x1b[1mVersion:\x1b[22m \x1b[33mv1.0.0\x1b[39m          

  \x1b[1mDescription:\x1b[22m

    Completions test.

  \x1b[1mOptions:\x1b[22m

    \x1b[34m-h\x1b[39m, \x1b[34m--help\x1b[39m            \x1b[31m\x1b[1m-\x1b[22m\x1b[39m Show this help.                                                             
    \x1b[34m-V\x1b[39m, \x1b[34m--version\x1b[39m         \x1b[31m\x1b[1m-\x1b[22m\x1b[39m Show the version number for this program.                                   
    \x1b[34m-g\x1b[39m, \x1b[34m--global\x1b[39m   \x1b[33m<\x1b[39m\x1b[35mval\x1b[39m\x1b[33m>\x1b[39m  \x1b[31m\x1b[1m-\x1b[22m\x1b[39m Foo option.                                                                 
    \x1b[34m-m\x1b[39m, \x1b[34m--main\x1b[39m     \x1b[33m<\x1b[39m\x1b[35mval\x1b[39m\x1b[33m>\x1b[39m  \x1b[31m\x1b[1m-\x1b[22m\x1b[39m Bar option.                                                                 
    \x1b[34m-c\x1b[39m, \x1b[34m--color\x1b[39m    \x1b[33m<\x1b[39m\x1b[35mval\x1b[39m\x1b[33m>\x1b[39m  \x1b[31m\x1b[1m-\x1b[22m\x1b[39m Color option.                              (\x1b[1mValues: \x1b[22m\x1b[32m"blue"\x1b[39m, \x1b[32m"yellow"\x1b[39m, \x1b[32m"red"\x1b[39m)

  \x1b[1mCommands:\x1b[22m

    \x1b[34mfoo\x1b[39m                     \x1b[31m\x1b[1m-\x1b[22m\x1b[39m Foo command.                                
    \x1b[34mhelp\x1b[39m         \x1b[33m[\x1b[39m\x1b[35mcommand\x1b[39m\x1b[33m]\x1b[39m  \x1b[31m\x1b[1m-\x1b[22m\x1b[39m Show this help or the help of a sub-command.
    \x1b[34mcompletions\x1b[39m             \x1b[31m\x1b[1m-\x1b[22m\x1b[39m Generate shell completions.                 

