[1mcompletions-test[22m [34m1.0.0[39m
[1mmeta1[22m [34mvalue1[39m
[1mmeta2[22m [34mvalue2[39m
[1mmeta3[22m [34mvalue3[39m
