export const snapshot = {};

snapshot[`confirm prompt > should confirm 1`] = `
stdout:
--------------------------
? Please confirm (y/N) ‚Ä∫ 
‚ùØ some hint[1A[26G[G[0J
? Please confirm (y/N) ‚Ä∫ yes
‚ùØ some hint[1A[27G[G[0J
? Please confirm (y/N) ‚Ä∫ Yes
[?25h[?25h
--------------------------
stderr:
--------------------------
--------------------------
`;

snapshot[`confirm prompt > should not confirm 1`] = `
stdout:
--------------------------
? Please confirm (y/N) ‚Ä∫ 
‚ùØ some hint[1A[26G[G[0J
? Please confirm (y/N) ‚Ä∫ no
‚ùØ some hint[1A[27G[G[0J
? Please confirm (y/N) ‚Ä∫ No
[?25h[?25h
--------------------------
stderr:
--------------------------
--------------------------
`;

snapshot[`confirm prompt > should not confirm by default 1`] = `
stdout:
--------------------------
? Please confirm (y/N) ‚Ä∫ 
‚ùØ some hint[1A[26G[G[0J
? Please confirm (y/N) ‚Ä∫ No
[?25h[?25h
--------------------------
stderr:
--------------------------
--------------------------
`;
