export const snapshot = {};

snapshot[`assert prompt snapshot - input_output_stream_test.ts 1`] = `
"stdout:

stderr:
? Whats your name? (foo) › \\x1b[28G\\x1b[G\\x1b[0J
? Whats your name? (foo) › foo bar\\x1b[35G\\x1b[G\\x1b[0J
? Whats your name? (foo) › foo bar
\\x1b[?25h\\x1b[?25h"
`;
