export const snapshot = {};

snapshot[`list prompt > should enter some keywords 1`] = `
stdout:
--------------------------
? Enter some keywords (foo, far) ‚Ä∫ 
‚ùØ some hint...[1A[36G[G[0J
? Enter some keywords (foo, far) ‚Ä∫ foo, bar
‚ùØ some hint...[1A[44G[G[0J
? Enter some keywords (foo, far) ‚Ä∫ foo, bar
[?25h[?25h
--------------------------
stderr:
--------------------------
--------------------------
`;
