export const snapshot = {};

snapshot[`prompt method > should check an option 1`] = `
stdout:
--------------------------
[checkbox:before] input is: foo
{
  input: "foo",
  number: 43,
  confirm: true,
  toggle: true,
  checkbox: [ "bar", "baz" ]
}

--------------------------
stderr:
--------------------------
? Enter some text (default value) ‚Ä∫ [37G[G[0J
? Enter some text (default value) ‚Ä∫ f[38G[G[0J
? Enter some text (default value) ‚Ä∫ fo[39G[G[0J
? Enter some text (default value) ‚Ä∫ foo[40G[G[0J
? Enter some text (default value) ‚Ä∫ foo
[?25h[?25h[?25h? Enter a number ‚Ä∫ [20G[G[0J
? Enter a number ‚Ä∫ 4[21G[G[0J
? Enter a number ‚Ä∫ 43[22G[G[0J
? Enter a number ‚Ä∫ 43
[?25h[?25h[?25h? Please confirm (y/n) ‚Ä∫ [26G[G[0J
? Please confirm (y/n) ‚Ä∫ yes[27G[G[0J
? Please confirm (y/n) ‚Ä∫ Yes
[?25h[?25h[?25h? Please toggle (No) ‚Ä∫ No / Yes
‚ùØ some hint[1A[0G[?25l[G[0J
? Please toggle (No) ‚Ä∫ No / Yes
‚ùØ some hint[1A[0G[?25l[G[0J
? Please toggle (No) ‚Ä∫ No / Yes
‚ùØ some hint[1A[0G[?25l[G[0J
? Please toggle (No) ‚Ä∫ No / Yes
‚ùØ some hint[1A[0G[?25l[G[0J
? Please toggle (No) ‚Ä∫ Yes
[?25h[?25h[?25h? Select an option
‚ùØ ‚úò Foo
  ‚úò Bar
  ‚úò Baz[3A[19G[?25l[G[0J
? Select an option
  ‚úò Foo
‚ùØ ‚úò Bar
  ‚úò Baz[3A[19G[?25l[G[0J
? Select an option
  ‚úò Foo
‚ùØ ‚úî Bar
  ‚úò Baz[3A[19G[?25l[G[0J
? Select an option
  ‚úò Foo
  ‚úî Bar
‚ùØ ‚úò Baz[3A[19G[?25l[G[0J
? Select an option
  ‚úò Foo
  ‚úî Bar
‚ùØ ‚úî Baz[3A[19G[?25l[G[0J
? Select an option ‚Ä∫ Bar, Baz
[?25h[?25h[?25h--------------------------
`;
