export const snapshot = {};

snapshot[`secret prompt > should enter a secret 1`] = `
stdout:
--------------------------
? enter your secret â€º [23G[G[0J
? enter your secret â€º ***[26G[G[0J
? enter your secret â€º ***
[?25h[?25h
--------------------------
stderr:
--------------------------
--------------------------
`;
