export const snapshot = {};

snapshot[`select prompt > should select an option 1`] = `
stdout:
"? Select an option
❯ Foo
  Bar
  Baz\\x1b[3A\\x1b[19G\\x1b[?25l\\x1b[G\\x1b[0J
? Select an option
  Foo
❯ Bar
  Baz\\x1b[3A\\x1b[19G\\x1b[?25l\\x1b[G\\x1b[0J
? Select an option
  Foo
  Bar
❯ Baz\\x1b[3A\\x1b[19G\\x1b[?25l\\x1b[G\\x1b[0J
? Select an option › Baz
\\x1b[?25h\\x1b[?25h"
stderr:
""
`;
